Introducing contestants...
* Player 1, weighing 23 bytes, "zork 1" ("I'M ALIIIIVE") !
* Player 2, weighing 23 bytes, "zork 2" ("I'M ALIIIIVE") !
* Player 3, weighing 23 bytes, "zork 3" ("I'M ALIIIIVE") !
* Player 4, weighing 23 bytes, "zork 4" ("I'M ALIIIIVE") !
Contestant 1, "zork 1", has won !
